<html>
<body>
<pre>
<h1>礦ision Build Log</h1>
<h2>Tool Versions:</h2>
IDE-Version: μVision V5.14.0.0
Copyright (C) 2015 ARM Ltd and ARM Germany GmbH. All rights reserved.
License Information: a dell, a, LIC=P6F56-DXT9R-C2GL6-DAIFC-39TMK-EBGBI
 
Tool Versions:
Toolchain:       MDK-ARM Professional  Version: 5.14.0.0
Toolchain Path:  F:\keil5\ARM\ARMCC\Bin
C Compiler:      Armcc.exe V5.05 update 1 (build 106)
Assembler:       Armasm.exe V5.05 update 1 (build 106)
Linker/Locator:  ArmLink.exe V5.05 update 1 (build 106)
Library Manager: ArmAr.exe V5.05 update 1 (build 106)
Hex Converter:   FromElf.exe V5.05 update 1 (build 106)
CPU DLL:         SARMCM3.DLL V5.14.0.0
Dialog DLL:      DCM.DLL V1.13.1.0
Target DLL:      STLink\ST-LINKIII-KEIL_SWO.dll V2.0.14.0_KEIL
Dialog DLL:      TCM.DLL V1.14.4.0
 
<h2>Project:</h2>
F:\大创\防水超声波\test1.0\STM32F103VE_SONIC_V1.0\USER\STM32F103VE_SONIC_V1.0.uvprojx
Project File Date:  07/15/2017

<h2>Output:</h2>
Rebuild target 'STM32F103VE_SONIC_V1.0'
assembling startup_stm32f10x_hd.s...
compiling main.c...
compiling stm32f10x_it.c...
compiling Tim2.c...
compiling usart1.c...
compiling Sonic.c...
compiling SysTick.c...
compiling led.c...
compiling Tim4.c...
compiling misc.c...
compiling stm32f10x_rcc.c...
compiling stm32f10x_gpio.c...
compiling stm32f10x_tim.c...
compiling stm32f10x_usart.c...
compiling stm32f10x_exti.c...
compiling core_cm3.c...
compiling system_stm32f10x.c...
linking...
Program Size: Code=9308 RO-data=336 RW-data=68 ZI-data=1028  
FromELF: creating hex file...
"..\Output\STM32F103VE_SONIC.axf" - 0 Error(s), 0 Warning(s).

<h2>Software Packages used:</h2>

Package Vendor: ARM
                http://www.keil.com/pack/ARM.CMSIS.4.2.0.pack
                ARM::CMSIS:CORE:3.40.0
                CMSIS (Cortex Microcontroller Software Interface Standard)
   * Component: CORE Version: 3.40.0

<h2>Collection of Component include folders:</h2>
  F:\大创\防水超声波\test1.0\STM32F103VE_SONIC_V1.0\USER\RTE
  F:\keil5\ARM\PACK\ARM\CMSIS\4.2.0\CMSIS\Include
  F:\keil5\ARM\PACK\Keil\STM32F1xx_DFP\1.0.5\Device\Include

<h2>Collection of Component Files used:</h2>

   * Component: ARM::CMSIS:CORE:3.40.0
      Source file:   CMSIS\UserCodeTemplates\ARM\ITM_Retarget.c
</pre>
</body>
</html>
