<html>
<body>
<pre>
<h1>µVision Build Log</h1>
<h2>Tool Versions:</h2>
IDE-Version: ¦ÌVision V5.14.0.0
Copyright (C) 2015 ARM Ltd and ARM Germany GmbH. All rights reserved.
License Information: a dell, a, LIC=P6F56-DXT9R-C2GL6-DAIFC-39TMK-EBGBI
 
Tool Versions:
Toolchain:       MDK-ARM Professional  Version: 5.14.0.0
Toolchain Path:  F:\keil5\ARM\ARMCC\Bin
C Compiler:      Armcc.exe V5.05 update 1 (build 106)
Assembler:       Armasm.exe V5.05 update 1 (build 106)
Linker/Locator:  ArmLink.exe V5.05 update 1 (build 106)
Library Manager: ArmAr.exe V5.05 update 1 (build 106)
Hex Converter:   FromElf.exe V5.05 update 1 (build 106)
CPU DLL:         SARMCM3.DLL V5.14.0.0
Dialog DLL:      DCM.DLL V1.13.1.0
Target DLL:      Segger\JL2CM3.dll V2.99.13.0
Dialog DLL:      TCM.DLL V1.14.4.0
 
<h2>Project:</h2>
F:\´ó´´\×îÖÕ°æ\NRF24L01\USER\NRF24L01.uvproj
Project File Date:  11/21/2014

<h2>Output:</h2>
Rebuild target 'Target 1'
compiling main.c...
main.c(13): warning:  #177-D: variable "key" was declared but never referenced
        u8 key,mode;
main.c(13): warning:  #177-D: variable "mode" was declared but never referenced
        u8 key,mode;
main.c(14): warning:  #177-D: variable "t" was declared but never referenced
        u16 t=0;                         
main.c: 3 warnings, 0 errors
compiling stm32f10x_it.c...
compiling system_stm32f10x.c...
compiling led.c...
compiling key.c...
compiling lcd.c...
compiling spi.c...
compiling 24l01.c...
compiling delay.c...
compiling sys.c...
compiling usart.c...
compiling core_cm3.c...
assembling startup_stm32f10x_hd.s...
compiling misc.c...
compiling stm32f10x_fsmc.c...
compiling stm32f10x_gpio.c...
compiling stm32f10x_rcc.c...
compiling stm32f10x_spi.c...
compiling stm32f10x_usart.c...
linking...
Program Size: Code=7164 RO-data=428 RW-data=56 ZI-data=1832  
FromELF: creating hex file...
"..\OBJ\NRF24L01.axf" - 0 Error(s), 3 Warning(s).
</pre>
</body>
</html>
